// Jest Snapshot v1, https://goo.gl/fbAQLP

exports[`LoginForm renders correctly 1`] = `
<Form
  centered={false}
  collapse={true}
  controls={
    <FormControls
      align="right"
    >
      <SubmitButton
        icon="lock"
        submitting={false}
      >
        Login
      </SubmitButton>
    </FormControls>
  }
  onSubmit={[Function]}
  reqKey={true}
  short={true}
  submitting={false}
  text={false}
  title="Login"
>
  <TextInput
    autoFocus={false}
    error={null}
    htmlId="login-email"
    label="Email address"
    name="email"
    onChange={[Function]}
    placeholder="user@domain.com"
    required={true}
    type="email"
    value=""
  />
  <PasswordInput
    error=""
    htmlId="login-password"
    label="Password"
    maxLength={50}
    name="password"
    onChange={[Function]}
    placeholder=""
    required={true}
    showVisibilityToggle={true}
    value=""
  />
</Form>
`;
